------------------------------------------------------------
TimeQuest Timing Analyzer Summary
------------------------------------------------------------

Type  : Slow 1200mV 85C Model Setup 'CCLK'
Slack : -3.413
TNS   : -54.490

Type  : Slow 1200mV 85C Model Setup 'clock1Hz:inst|temp_out'
Slack : -2.097
TNS   : -3.126

Type  : Slow 1200mV 85C Model Setup 'BCDcounterwithcounter:inst3|JK0'
Slack : -0.185
TNS   : -0.354

Type  : Slow 1200mV 85C Model Hold 'clock1Hz:inst|temp_out'
Slack : -0.419
TNS   : -0.866

Type  : Slow 1200mV 85C Model Hold 'CCLK'
Slack : -0.238
TNS   : -0.238

Type  : Slow 1200mV 85C Model Hold 'BCDcounterwithcounter:inst3|JK0'
Slack : 0.402
TNS   : 0.000

Type  : Slow 1200mV 85C Model Minimum Pulse Width 'CCLK'
Slack : -3.000
TNS   : -38.980

Type  : Slow 1200mV 85C Model Minimum Pulse Width 'clock1Hz:inst|temp_out'
Slack : -1.285
TNS   : -5.140

Type  : Slow 1200mV 85C Model Minimum Pulse Width 'BCDcounterwithcounter:inst3|JK0'
Slack : -1.285
TNS   : -3.855

Type  : Slow 1200mV 0C Model Setup 'CCLK'
Slack : -3.053
TNS   : -46.788

Type  : Slow 1200mV 0C Model Setup 'clock1Hz:inst|temp_out'
Slack : -1.760
TNS   : -2.529

Type  : Slow 1200mV 0C Model Setup 'BCDcounterwithcounter:inst3|JK0'
Slack : -0.064
TNS   : -0.110

Type  : Slow 1200mV 0C Model Hold 'clock1Hz:inst|temp_out'
Slack : -0.349
TNS   : -0.628

Type  : Slow 1200mV 0C Model Hold 'CCLK'
Slack : -0.172
TNS   : -0.172

Type  : Slow 1200mV 0C Model Hold 'BCDcounterwithcounter:inst3|JK0'
Slack : 0.354
TNS   : 0.000

Type  : Slow 1200mV 0C Model Minimum Pulse Width 'CCLK'
Slack : -3.000
TNS   : -38.980

Type  : Slow 1200mV 0C Model Minimum Pulse Width 'clock1Hz:inst|temp_out'
Slack : -1.285
TNS   : -5.140

Type  : Slow 1200mV 0C Model Minimum Pulse Width 'BCDcounterwithcounter:inst3|JK0'
Slack : -1.285
TNS   : -3.855

Type  : Fast 1200mV 0C Model Setup 'CCLK'
Slack : -1.114
TNS   : -13.011

Type  : Fast 1200mV 0C Model Setup 'clock1Hz:inst|temp_out'
Slack : -0.636
TNS   : -0.636

Type  : Fast 1200mV 0C Model Setup 'BCDcounterwithcounter:inst3|JK0'
Slack : 0.421
TNS   : 0.000

Type  : Fast 1200mV 0C Model Hold 'CCLK'
Slack : -0.331
TNS   : -0.331

Type  : Fast 1200mV 0C Model Hold 'clock1Hz:inst|temp_out'
Slack : -0.304
TNS   : -0.856

Type  : Fast 1200mV 0C Model Hold 'BCDcounterwithcounter:inst3|JK0'
Slack : 0.181
TNS   : 0.000

Type  : Fast 1200mV 0C Model Minimum Pulse Width 'CCLK'
Slack : -3.000
TNS   : -32.751

Type  : Fast 1200mV 0C Model Minimum Pulse Width 'clock1Hz:inst|temp_out'
Slack : -1.000
TNS   : -4.000

Type  : Fast 1200mV 0C Model Minimum Pulse Width 'BCDcounterwithcounter:inst3|JK0'
Slack : -1.000
TNS   : -3.000

------------------------------------------------------------
